jdoe,Doe,0,0
jdoe,Doe,0,0
jdoe,Doe,0,0
jdoe,Doe,0,0
jdoe,Doe,0.0,float-balence
jdoe,Doe,0,float-balence
jdoe,Doe,0,float-balence
jdoe,Doe,0,float-balence
1743388058992949778
1743388058992949778
1743388058992949778
1743388058992949778
7574408770849221662
7574408770849221662
7574408770849221662
7574408770849221662
17172860107920498567
739028178478601350
739028178478601350
739028178478601350
739028178478601350
10229525276243702211
10229525276243702211
10229525276243702211
10229525276243702211
10229525276243702211
10229525276243702211
10229525276243702211
10229525276243702211
10229525276243702211
10229525276243702211
9836497082356747926
9836497082356747926
9836497082356747926
9836497082356747926
9836497082356747926
9836497082356747926
